2026-02-28 04:23:06 - scraper.remoter.me - INFO - Starting scrape of Remoter
2026-02-28 04:23:09 - scraper.remoter.me - INFO - Starting scrape: https://remoter.me
2026-02-28 04:23:17 - scraper.remoter.me - INFO - ✓ VALIDATION PASSED: https://remoter.me: All validations passed
2026-02-28 04:23:17 - scraper.remoter.me - INFO - ✓ SUCCESS: https://remoter.me | Status: 200 | Size: 40911 bytes
2026-02-28 04:23:17 - scraper.remoter.me - INFO - Starting scrape: https://remoter.me/ua/
2026-02-28 04:23:22 - scraper.remoter.me - INFO - ✓ VALIDATION PASSED: https://remoter.me/ua/: All validations passed
2026-02-28 04:23:22 - scraper.remoter.me - INFO - ✓ SUCCESS: https://remoter.me/ua/ | Status: 200 | Size: 41335 bytes
2026-02-28 04:23:22 - scraper.remoter.me - INFO - Starting scrape: https://remoter.me/about-us
2026-02-28 04:23:28 - scraper.remoter.me - INFO - ✓ VALIDATION PASSED: https://remoter.me/about-us: All validations passed
2026-02-28 04:23:28 - scraper.remoter.me - INFO - ✓ SUCCESS: https://remoter.me/about-us | Status: 200 | Size: 39426 bytes
2026-02-28 04:23:28 - scraper.remoter.me - INFO - Starting scrape: https://remoter.me/ua/about-us
2026-02-28 04:23:34 - scraper.remoter.me - INFO - ✓ VALIDATION PASSED: https://remoter.me/ua/about-us: All validations passed
2026-02-28 04:23:34 - scraper.remoter.me - INFO - ✓ SUCCESS: https://remoter.me/ua/about-us | Status: 200 | Size: 38599 bytes
2026-02-28 04:23:34 - scraper.remoter.me - INFO - Starting scrape: https://platform.remoter.me/sign-up
2026-02-28 04:23:52 - scraper.remoter.me - INFO - ✓ VALIDATION PASSED: https://platform.remoter.me/sign-up: All validations passed
2026-02-28 04:23:52 - scraper.remoter.me - INFO - ✓ SUCCESS: https://platform.remoter.me/sign-up | Status: 200 | Size: 2594869 bytes
2026-02-28 04:23:52 - scraper.remoter.me - INFO - Starting scrape: https://platform.remoter.me/sign-in
2026-02-28 04:23:56 - scraper.remoter.me - INFO - ✓ VALIDATION PASSED: https://platform.remoter.me/sign-in: All validations passed
2026-02-28 04:23:56 - scraper.remoter.me - INFO - ✓ SUCCESS: https://platform.remoter.me/sign-in | Status: 200 | Size: 2602665 bytes
2026-02-28 04:23:56 - scraper.remoter.me - INFO - Starting scrape: https://platform.remoter.me/terms-of-use
2026-02-28 04:24:01 - scraper.remoter.me - INFO - ✓ VALIDATION PASSED: https://platform.remoter.me/terms-of-use: All validations passed
2026-02-28 04:24:01 - scraper.remoter.me - INFO - ✓ SUCCESS: https://platform.remoter.me/terms-of-use | Status: 200 | Size: 2581013 bytes
2026-02-28 04:24:01 - scraper.remoter.me - INFO - Starting scrape: https://platform.remoter.me/privacy-policy
2026-02-28 04:24:06 - scraper.remoter.me - INFO - ✓ VALIDATION PASSED: https://platform.remoter.me/privacy-policy: All validations passed
2026-02-28 04:24:06 - scraper.remoter.me - INFO - ✓ SUCCESS: https://platform.remoter.me/privacy-policy | Status: 200 | Size: 2554329 bytes
